// Jest Snapshot v1, https://goo.gl/fbAQLP

exports[`LogIn render correctly 1`] = `
ShallowWrapper {
  Symbol(enzyme.__root__): [Circular],
  Symbol(enzyme.__unrendered__): <LogIn />,
  Symbol(enzyme.__renderer__): Object {
    "batchedUpdates": [Function],
    "checkPropTypes": [Function],
    "getNode": [Function],
    "render": [Function],
    "simulateError": [Function],
    "simulateEvent": [Function],
    "unmount": [Function],
  },
  Symbol(enzyme.__node__): Object {
    "instance": null,
    "key": undefined,
    "nodeType": "class",
    "props": Object {
      "centered": true,
      "children": <ModalContent
        className="modal-content"
        image={true}
      >
        <div
          className="login-left"
        >
          <Header
            size="huge"
          >
            GİRİŞ YAP
            <br />
            <pre />
          </Header>
        </div>
        <ModalDescription>
          <Form
            as="form"
            onSubmit={[Function]}
          >
            <FormInput
              as={[Function]}
              control={[Function]}
              label="Kullanıcı adı"
              name="username"
              onChange={[Function]}
              placeholder="Kullanıcı adı"
            />
            <FormInput
              as={[Function]}
              control={[Function]}
              label="Şifre"
              name="password"
              onChange={[Function]}
              placeholder="Şifre"
              type="password"
            />
            <Button
              as="button"
              content="Giriş Yap"
              floated="right"
              type="submit"
            />
          </Form>
        </ModalDescription>
      </ModalContent>,
      "closeOnDimmerClick": true,
      "closeOnDocumentClick": false,
      "dimmer": "blurring",
      "eventPool": "Modal",
      "open": undefined,
      "trigger": undefined,
    },
    "ref": null,
    "rendered": Object {
      "instance": null,
      "key": undefined,
      "nodeType": "function",
      "props": Object {
        "children": Array [
          <div
            className="login-left"
          >
            <Header
              size="huge"
            >
              GİRİŞ YAP
              <br />
              <pre />
            </Header>
          </div>,
          <ModalDescription>
            <Form
              as="form"
              onSubmit={[Function]}
            >
              <FormInput
                as={[Function]}
                control={[Function]}
                label="Kullanıcı adı"
                name="username"
                onChange={[Function]}
                placeholder="Kullanıcı adı"
              />
              <FormInput
                as={[Function]}
                control={[Function]}
                label="Şifre"
                name="password"
                onChange={[Function]}
                placeholder="Şifre"
                type="password"
              />
              <Button
                as="button"
                content="Giriş Yap"
                floated="right"
                type="submit"
              />
            </Form>
          </ModalDescription>,
        ],
        "className": "modal-content",
        "image": true,
      },
      "ref": null,
      "rendered": Array [
        Object {
          "instance": null,
          "key": undefined,
          "nodeType": "host",
          "props": Object {
            "children": <Header
              size="huge"
            >
              GİRİŞ YAP
              <br />
              <pre />
            </Header>,
            "className": "login-left",
          },
          "ref": null,
          "rendered": Object {
            "instance": null,
            "key": undefined,
            "nodeType": "function",
            "props": Object {
              "children": Array [
                "GİRİŞ YAP",
                <br />,
                <pre />,
              ],
              "size": "huge",
            },
            "ref": null,
            "rendered": Array [
              "GİRİŞ YAP",
              Object {
                "instance": null,
                "key": undefined,
                "nodeType": "host",
                "props": Object {},
                "ref": null,
                "rendered": null,
                "type": "br",
              },
              Object {
                "instance": null,
                "key": undefined,
                "nodeType": "host",
                "props": Object {
                  "children": undefined,
                },
                "ref": null,
                "rendered": null,
                "type": "pre",
              },
            ],
            "type": [Function],
          },
          "type": "div",
        },
        Object {
          "instance": null,
          "key": undefined,
          "nodeType": "function",
          "props": Object {
            "children": <Form
              as="form"
              onSubmit={[Function]}
            >
              <FormInput
                as={[Function]}
                control={[Function]}
                label="Kullanıcı adı"
                name="username"
                onChange={[Function]}
                placeholder="Kullanıcı adı"
              />
              <FormInput
                as={[Function]}
                control={[Function]}
                label="Şifre"
                name="password"
                onChange={[Function]}
                placeholder="Şifre"
                type="password"
              />
              <Button
                as="button"
                content="Giriş Yap"
                floated="right"
                type="submit"
              />
            </Form>,
          },
          "ref": null,
          "rendered": Object {
            "instance": null,
            "key": undefined,
            "nodeType": "class",
            "props": Object {
              "as": "form",
              "children": Array [
                <FormInput
                  as={[Function]}
                  control={[Function]}
                  label="Kullanıcı adı"
                  name="username"
                  onChange={[Function]}
                  placeholder="Kullanıcı adı"
                />,
                <FormInput
                  as={[Function]}
                  control={[Function]}
                  label="Şifre"
                  name="password"
                  onChange={[Function]}
                  placeholder="Şifre"
                  type="password"
                />,
                <Button
                  as="button"
                  content="Giriş Yap"
                  floated="right"
                  type="submit"
                />,
              ],
              "onSubmit": [Function],
            },
            "ref": null,
            "rendered": Array [
              Object {
                "instance": null,
                "key": undefined,
                "nodeType": "function",
                "props": Object {
                  "as": [Function],
                  "control": [Function],
                  "label": "Kullanıcı adı",
                  "name": "username",
                  "onChange": [Function],
                  "placeholder": "Kullanıcı adı",
                },
                "ref": null,
                "rendered": null,
                "type": [Function],
              },
              Object {
                "instance": null,
                "key": undefined,
                "nodeType": "function",
                "props": Object {
                  "as": [Function],
                  "control": [Function],
                  "label": "Şifre",
                  "name": "password",
                  "onChange": [Function],
                  "placeholder": "Şifre",
                  "type": "password",
                },
                "ref": null,
                "rendered": null,
                "type": [Function],
              },
              Object {
                "instance": null,
                "key": undefined,
                "nodeType": "class",
                "props": Object {
                  "as": "button",
                  "content": "Giriş Yap",
                  "floated": "right",
                  "type": "submit",
                },
                "ref": null,
                "rendered": null,
                "type": [Function],
              },
            ],
            "type": [Function],
          },
          "type": [Function],
        },
      ],
      "type": [Function],
    },
    "type": [Function],
  },
  Symbol(enzyme.__nodes__): Array [
    Object {
      "instance": null,
      "key": undefined,
      "nodeType": "class",
      "props": Object {
        "centered": true,
        "children": <ModalContent
          className="modal-content"
          image={true}
        >
          <div
            className="login-left"
          >
            <Header
              size="huge"
            >
              GİRİŞ YAP
              <br />
              <pre />
            </Header>
          </div>
          <ModalDescription>
            <Form
              as="form"
              onSubmit={[Function]}
            >
              <FormInput
                as={[Function]}
                control={[Function]}
                label="Kullanıcı adı"
                name="username"
                onChange={[Function]}
                placeholder="Kullanıcı adı"
              />
              <FormInput
                as={[Function]}
                control={[Function]}
                label="Şifre"
                name="password"
                onChange={[Function]}
                placeholder="Şifre"
                type="password"
              />
              <Button
                as="button"
                content="Giriş Yap"
                floated="right"
                type="submit"
              />
            </Form>
          </ModalDescription>
        </ModalContent>,
        "closeOnDimmerClick": true,
        "closeOnDocumentClick": false,
        "dimmer": "blurring",
        "eventPool": "Modal",
        "open": undefined,
        "trigger": undefined,
      },
      "ref": null,
      "rendered": Object {
        "instance": null,
        "key": undefined,
        "nodeType": "function",
        "props": Object {
          "children": Array [
            <div
              className="login-left"
            >
              <Header
                size="huge"
              >
                GİRİŞ YAP
                <br />
                <pre />
              </Header>
            </div>,
            <ModalDescription>
              <Form
                as="form"
                onSubmit={[Function]}
              >
                <FormInput
                  as={[Function]}
                  control={[Function]}
                  label="Kullanıcı adı"
                  name="username"
                  onChange={[Function]}
                  placeholder="Kullanıcı adı"
                />
                <FormInput
                  as={[Function]}
                  control={[Function]}
                  label="Şifre"
                  name="password"
                  onChange={[Function]}
                  placeholder="Şifre"
                  type="password"
                />
                <Button
                  as="button"
                  content="Giriş Yap"
                  floated="right"
                  type="submit"
                />
              </Form>
            </ModalDescription>,
          ],
          "className": "modal-content",
          "image": true,
        },
        "ref": null,
        "rendered": Array [
          Object {
            "instance": null,
            "key": undefined,
            "nodeType": "host",
            "props": Object {
              "children": <Header
                size="huge"
              >
                GİRİŞ YAP
                <br />
                <pre />
              </Header>,
              "className": "login-left",
            },
            "ref": null,
            "rendered": Object {
              "instance": null,
              "key": undefined,
              "nodeType": "function",
              "props": Object {
                "children": Array [
                  "GİRİŞ YAP",
                  <br />,
                  <pre />,
                ],
                "size": "huge",
              },
              "ref": null,
              "rendered": Array [
                "GİRİŞ YAP",
                Object {
                  "instance": null,
                  "key": undefined,
                  "nodeType": "host",
                  "props": Object {},
                  "ref": null,
                  "rendered": null,
                  "type": "br",
                },
                Object {
                  "instance": null,
                  "key": undefined,
                  "nodeType": "host",
                  "props": Object {
                    "children": undefined,
                  },
                  "ref": null,
                  "rendered": null,
                  "type": "pre",
                },
              ],
              "type": [Function],
            },
            "type": "div",
          },
          Object {
            "instance": null,
            "key": undefined,
            "nodeType": "function",
            "props": Object {
              "children": <Form
                as="form"
                onSubmit={[Function]}
              >
                <FormInput
                  as={[Function]}
                  control={[Function]}
                  label="Kullanıcı adı"
                  name="username"
                  onChange={[Function]}
                  placeholder="Kullanıcı adı"
                />
                <FormInput
                  as={[Function]}
                  control={[Function]}
                  label="Şifre"
                  name="password"
                  onChange={[Function]}
                  placeholder="Şifre"
                  type="password"
                />
                <Button
                  as="button"
                  content="Giriş Yap"
                  floated="right"
                  type="submit"
                />
              </Form>,
            },
            "ref": null,
            "rendered": Object {
              "instance": null,
              "key": undefined,
              "nodeType": "class",
              "props": Object {
                "as": "form",
                "children": Array [
                  <FormInput
                    as={[Function]}
                    control={[Function]}
                    label="Kullanıcı adı"
                    name="username"
                    onChange={[Function]}
                    placeholder="Kullanıcı adı"
                  />,
                  <FormInput
                    as={[Function]}
                    control={[Function]}
                    label="Şifre"
                    name="password"
                    onChange={[Function]}
                    placeholder="Şifre"
                    type="password"
                  />,
                  <Button
                    as="button"
                    content="Giriş Yap"
                    floated="right"
                    type="submit"
                  />,
                ],
                "onSubmit": [Function],
              },
              "ref": null,
              "rendered": Array [
                Object {
                  "instance": null,
                  "key": undefined,
                  "nodeType": "function",
                  "props": Object {
                    "as": [Function],
                    "control": [Function],
                    "label": "Kullanıcı adı",
                    "name": "username",
                    "onChange": [Function],
                    "placeholder": "Kullanıcı adı",
                  },
                  "ref": null,
                  "rendered": null,
                  "type": [Function],
                },
                Object {
                  "instance": null,
                  "key": undefined,
                  "nodeType": "function",
                  "props": Object {
                    "as": [Function],
                    "control": [Function],
                    "label": "Şifre",
                    "name": "password",
                    "onChange": [Function],
                    "placeholder": "Şifre",
                    "type": "password",
                  },
                  "ref": null,
                  "rendered": null,
                  "type": [Function],
                },
                Object {
                  "instance": null,
                  "key": undefined,
                  "nodeType": "class",
                  "props": Object {
                    "as": "button",
                    "content": "Giriş Yap",
                    "floated": "right",
                    "type": "submit",
                  },
                  "ref": null,
                  "rendered": null,
                  "type": [Function],
                },
              ],
              "type": [Function],
            },
            "type": [Function],
          },
        ],
        "type": [Function],
      },
      "type": [Function],
    },
  ],
  Symbol(enzyme.__options__): Object {
    "adapter": ReactSixteenAdapter {
      "options": Object {
        "enableComponentDidUpdateOnSetState": true,
        "legacyContextMode": "parent",
        "lifecycles": Object {
          "componentDidUpdate": Object {
            "onSetState": true,
          },
          "getChildContext": Object {
            "calledByRenderer": false,
          },
          "getDerivedStateFromError": true,
          "getDerivedStateFromProps": Object {
            "hasShouldComponentUpdateBug": false,
          },
          "getSnapshotBeforeUpdate": true,
          "setState": Object {
            "skipsComponentDidUpdateOnNullish": true,
          },
        },
      },
    },
  },
  Symbol(enzyme.__childContext__): null,
}
`;
